[19:49:03] [main/INFO]: Loading Minecraft 1.21.1 with Fabric Loader 0.16.3
[19:49:04] [main/INFO]: Loading 4 mods:
	- fabricloader 0.16.3
	   \-- mixinextras 0.4.1
	- java 21
	- minecraft 1.21.1
[19:49:04] [main/INFO]: SpongePowered MIXIN Subsystem Version=0.8.7 Source=file:/workspaces/moncef/servidor_minecraft/libraries/net/fabricmc/sponge-mixin/0.15.2+mixin.0.8.7/sponge-mixin-0.15.2+mixin.0.8.7.jar Service=Knot/Fabric Env=SERVER
[19:49:09] [main/INFO]: Environment: Environment[sessionHost=https://sessionserver.mojang.com, servicesHost=https://api.minecraftservices.com, name=PROD]
[19:49:10] [main/INFO]: No existing world data, creating new world
[19:49:10] [main/INFO]: Loaded 1290 recipes
[19:49:11] [main/INFO]: Loaded 1399 advancements
[19:49:11] [Server thread/INFO]: Starting minecraft server version 1.21.1
[19:49:11] [Server thread/INFO]: Loading properties
[19:49:11] [Server thread/INFO]: Default game type: SURVIVAL
[19:49:11] [Server thread/INFO]: Generating keypair
[19:49:11] [Server thread/INFO]: Starting Minecraft server on *:25565
[19:49:11] [Server thread/INFO]: Using epoll channel type
[19:49:11] [Server thread/WARN]: **** SERVER IS RUNNING IN OFFLINE/INSECURE MODE!
[19:49:11] [Server thread/WARN]: The server will make no attempt to authenticate usernames. Beware.
[19:49:11] [Server thread/WARN]: While this makes the game possible to play without internet access, it also opens up the ability for hackers to connect with any username they choose.
[19:49:11] [Server thread/WARN]: To change this, set "online-mode" to "true" in the server.properties file.
[19:49:12] [Server thread/INFO]: Preparing level "world"
[19:49:18] [Server thread/INFO]: Preparing start region for dimension minecraft:overworld
[19:49:18] [Worker-Main-3/INFO]: Preparing spawn area: 2%
[19:49:19] [Worker-Main-3/INFO]: Preparing spawn area: 2%
[19:49:19] [Worker-Main-3/INFO]: Preparing spawn area: 2%
[19:49:20] [Worker-Main-3/INFO]: Preparing spawn area: 2%
[19:49:20] [Worker-Main-1/INFO]: Preparing spawn area: 18%
[19:49:21] [Worker-Main-2/INFO]: Preparing spawn area: 18%
[19:49:21] [Worker-Main-1/INFO]: Preparing spawn area: 18%
[19:49:22] [Worker-Main-1/INFO]: Preparing spawn area: 51%
[19:49:22] [Worker-Main-1/INFO]: Preparing spawn area: 51%
[19:49:23] [Worker-Main-2/INFO]: Preparing spawn area: 51%
[19:49:23] [Server thread/INFO]: Time elapsed: 4886 ms
[19:49:23] [Server thread/INFO]: Done (11.561s)! For help, type "help"
[19:53:30] [Server thread/INFO]: MCFonTOP[/127.156.15.7:38851] logged in with entity id 2 at (-44.5, 63.0, -11.5)
[19:53:30] [Server thread/INFO]: MCFonTOP joined the game
